Case #1: FFTFTTTFTT 6/1
Case #2: TTTTFFFFFT 8/1
Case #3: TFFTFFTFTF 7/1
Case #4: TFFFFTTFFT 8/1
Case #5: TTFFFFTFFF 7/1
Case #6: TTFFFTFFFF 8/1
Case #7: FTTTFTFTFT 7/1
Case #8: FFFFFFFFFF 5/1
Case #9: FTFFTTTFFF 7/1
Case #10: TFFFTTFTFT 8/1
Case #11: FFTTFTFTTF 7/1
Case #12: TFFTFFTTTF 6/1
Case #13: FFFTFFFTTT 9/1
Case #14: TTTTTFTFTT 8/1
Case #15: FTFTTFTFFF 6/1
Case #16: TFTTTFFTTF 8/1
Case #17: TFFTFFTFTF 7/1
Case #18: FFFFFFFFFF 5/1
Case #19: TFTTTFTTTF 7/1
Case #20: FFFTFFFTFF 6/1
Case #21: TTFTTTFTFT 7/1
Case #22: TTFFFTFFTF 7/1
Case #23: TFTTFTFFFT 7/1
Case #24: FTFTFFFTTF 7/1
Case #25: FFTTTTFFTT 6/1
Case #26: FTFTFTTFTT 8/1
Case #27: FFTTTFFTTT 6/1
Case #28: TTTTTFTFFT 7/1
Case #29: FFTTTTFTTT 7/1
Case #30: TTTTTTFTTF 7/1
Case #31: FFFTTTFFTF 6/1
Case #32: FTTFFFFTFF 6/1
Case #33: FFFFTTTFFF 6/1
Case #34: FTFFTFFTFF 7/1
Case #35: FFTFFTFFTF 6/1
Case #36: FFTTTFTFFT 10/1
Case #37: TTTTFFTFTT 8/1
Case #38: TFFFTTFFTF 6/1
Case #39: FFTFTFTTFF 7/1
Case #40: FFTFTFTFFF 6/1
Case #41: FFFFFFFFFF 6/1
Case #42: TFTFTFTTTF 9/1
Case #43: TFTTTTTFFF 6/1
Case #44: FFTFFFTFFF 6/1
Case #45: TTTTTFFFTT 7/1
Case #46: FFFFFFTFFF 6/1
Case #47: FFTFFTTTFF 7/1
Case #48: FTFFTFTTTT 7/1
Case #49: FFFFFFFFFF 7/1
Case #50: FFTFTFTTTF 7/1
Case #51: FFFFFFFFTF 6/1
Case #52: FFTFFFTFFF 8/1
Case #53: TTFFFFFTTF 6/1
Case #54: FFFFTTTFFF 6/1
Case #55: TTFTFTFFTF 7/1
Case #56: FFFFFTTFFF 8/1
Case #57: FFFTTFFTFT 8/1
Case #58: FTTFTTFTFF 8/1
Case #59: FTFTTFFFTF 6/1
Case #60: FFFFTTFFFT 7/1
Case #61: TFFTTTFFFF 6/1
Case #62: FFTTFTTTTF 6/1
Case #63: FFTFFFFFTT 6/1
Case #64: TFTFTTFFTF 8/1
Case #65: FTFFFTTTFF 8/1
Case #66: TFTFFTFTFF 7/1
Case #67: FTTTFTFTFT 8/1
Case #68: TFTFTTFTFT 7/1
Case #69: TFTTFTTTFF 8/1
Case #70: TFFTFFFFTT 9/1
Case #71: FTTTTFTFTT 6/1
Case #72: TTFFFFFTFF 8/1
Case #73: TTTTTTFTFF 8/1
Case #74: TFTTTTFTTT 7/1
Case #75: FFFTTTFFTF 7/1
Case #76: FFTTTTFFFT 7/1
Case #77: FFFTTFFFFF 6/1
Case #78: FFFTTTTFTF 8/1
Case #79: FTTFFTFFFF 6/1
Case #80: TFFTFFTTFT 8/1
Case #81: TFFFTTFTTF 8/1
Case #82: FFFFFFFFFF 5/1
Case #83: FTFTTFFTFT 7/1
Case #84: FFFTFFFFFT 9/1
Case #85: TTTTTTTFFF 9/1
Case #86: TTTTFTFFTF 6/1
Case #87: FTFFTFTTTT 7/1
Case #88: FFFTFFFTFF 6/1
Case #89: FFFFFFFFFF 5/1
Case #90: TFFTTFTFFT 7/1
Case #91: FFTFTFTTTT 8/1
Case #92: TTTTTFTTFF 6/1
Case #93: FFTTFTFFFF 8/1
Case #94: FTFTTTFFFT 7/1
Case #95: TTTFFTTFTT 6/1
Case #96: TTTTFTFTFT 8/1
Case #97: FFTFTFFFTF 8/1
Case #98: TTFFFTFTTF 8/1
Case #99: TTFTTFFTTF 8/1
Case #100: TFTFTTTTFF 7/1
